ID                              InDegree   Cut.PackageCount   Cut.Go.Lines
alpha.test/tool/migrate         0          2                  10
alpha.test/cmd/client           0          1                  6
alpha.test/cmd/server           0          1                  6
alpha.test/database/migration   1          1                  6
alpha.test/rpc/rpcconn          1          1                  2
alpha.test/rpc                  2          2                  4
alpha.test/service              2          1                  6
alpha.test/database             3          1                  5
